Using network 'development'.


Compiling your contracts...
===========================
> Everything is up to date, there is nothing to compile.

Error: Invalid number of parameters for "undefined". Got 2 expected 0!
